<?xml version="1.0" standalone="yes"?>
<scene formatVersion="2.0">
	<environment>
		<colourAmbient r="0.5" g="0.5" b="0.5" />
		<skyBox material="SkyBox" distance="100.0" drawFirst="true">
			<rotation qw="0" qx="0" qy="1" qz="0"/>
		</skyBox>
	</environment>
	<volume source="desert.volume">
		<voxel value="1" material="DesertUndergroundMaterial"/>
		<voxel value="2" material="DesertSurfaceMaterial"/>
	</volume>
	<nodes>
		<node name="CameraNode">			
			<camera name="Camera" fov="1.0">
			<clipping near="1.0" far="5000" />
				<position x="256" y="256" z="512" />
				<lookTarget>
					<position x="256" y="0" z="256" />
				</lookTarget>
			</camera>
		</node>
		<light name="Sun" type="directional">
			<normal x="-1" y="-1" z="-1" />
      <colourDiffuse r="0.5" g="0.5" b="0.5" />
		</light>
		<!--node name="Water">
			<scale x="510" y="510" z="1" />
			<position x="511.5" y="25.33" z="511.5" />	
			<rotation qw="0.707" qx="-0.707" qy="0" qz="0"/>					
			<entity meshFile="water.mesh" name="WaterMesh" castShadows="True" collisionShape="exact" mass="0.0"/>
		</node-->		
	</nodes>
</scene>
